>>> Loaded Pre-trained Actor.
>>> E2E RL STARTED | Mode: DECOUPLED
>>> Starting Warmup...

>>> EVALUATION AT STEP 30000
====================================================================================================
--- Step 0 ---
Leader (True): [ 0.000, -0.785,  0.000, -2.356,  0.000,  1.571,  0.785]
Leader (Pred): [-0.058, -0.715, -0.041, -2.409, -0.149,  1.387,  0.761]
Follower     : [-0.003, -0.786,  0.002, -2.357,  0.002,  1.570,  0.787]
Action (Tau) : [-29.975, -29.763, 29.687, -28.993,  9.575, -9.656,  9.650]
Error (T-F)  : [ 0.003,  0.001, -0.002,  0.001, -0.002,  0.001, -0.002]
------------------------------------------------------------
--- Step 10 ---
Leader (True): [ 0.000, -0.785,  0.000, -2.356,  0.001,  1.571,  0.785]
Leader (Pred): [-0.057, -0.715, -0.040, -2.409, -0.149,  1.386,  0.761]
Follower     : [-0.137, -0.852,  0.080, -2.430,  0.138,  1.515,  0.908]
Action (Tau) : [24.678, -29.939, -26.625, -16.512,  9.944, -9.853,  9.887]
Error (T-F)  : [ 0.137,  0.067, -0.080,  0.074, -0.137,  0.056, -0.123]
------------------------------------------------------------
--- Step 20 ---
Leader (True): [ 0.007, -0.786,  0.003, -2.355,  0.030,  1.562,  0.785]
Leader (Pred): [-0.055, -0.715, -0.039, -2.410, -0.147,  1.382,  0.762]
Follower     : [-0.167, -0.993,  0.048, -2.555,  0.421,  1.325,  1.226]
Action (Tau) : [29.957, -29.978, -29.939, 24.244,  9.986, -9.901,  9.967]
Error (T-F)  : [ 0.173,  0.207, -0.046,  0.200, -0.391,  0.237, -0.441]
------------------------------------------------------------
--- Step 30 ---
Leader (True): [ 0.013, -0.787,  0.005, -2.355,  0.060,  1.554,  0.786]
Leader (Pred): [-0.059, -0.715, -0.042, -2.408, -0.155,  1.394,  0.762]
Follower     : [-0.044, -1.174, -0.127, -2.653,  0.812,  0.967,  1.750]
Action (Tau) : [29.745, -29.760, -29.365,  8.724,  9.905, -9.311,  9.375]
Error (T-F)  : [ 0.057,  0.387,  0.132,  0.298, -0.752,  0.587, -0.964]
------------------------------------------------------------
>>> Avg Reward: -195.00
Step 33000 | R: -15.00 | RL_L: -94.30 | Pred_L: 0.010
Step 33000 | R: -15.00 | RL_L: -142.94 | Pred_L: 0.010
Step 33000 | R: -15.00 | RL_L: -106.60 | Pred_L: 0.011
Step 33000 | R: -15.00 | RL_L: -76.73 | Pred_L: 0.011
Step 33000 | R: -15.00 | RL_L: -103.44 | Pred_L: 0.011
Step 33000 | R: -15.00 | RL_L: -84.54 | Pred_L: 0.011
Step 33000 | R: -15.00 | RL_L: -112.11 | Pred_L: 0.011
Step 33000 | R: -15.00 | RL_L: -98.32 | Pred_L: 0.010
Step 33000 | R: -15.00 | RL_L: -93.02 | Pred_L: 0.011
Step 33000 | R: -15.00 | RL_L: -90.77 | Pred_L: 0.010
Step 33000 | R: -15.00 | RL_L: -107.22 | Pred_L: 0.010
Step 33000 | R: -15.00 | RL_L: -98.51 | Pred_L: 0.011
Step 33000 | R: -15.00 | RL_L: -136.70 | Pred_L: 0.011
Step 33000 | R: -15.00 | RL_L: -102.25 | Pred_L: 0.011
Step 33000 | R: -15.00 | RL_L: -115.92 | Pred_L: 0.011
Step 33000 | R: -15.00 | RL_L: -96.59 | Pred_L: 0.011
Step 33000 | R: -15.00 | RL_L: -73.18 | Pred_L: 0.011
Step 33000 | R: -15.00 | RL_L: -99.37 | Pred_L: 0.010
Step 33000 | R: -15.00 | RL_L: -108.91 | Pred_L: 0.011
Step 33000 | R: -15.00 | RL_L: -61.75 | Pred_L: 0.010
Step 33000 | R: -15.00 | RL_L: -101.40 | Pred_L: 0.011
Step 33000 | R: -15.00 | RL_L: -61.01 | Pred_L: 0.011
Step 33000 | R: -15.00 | RL_L: -119.00 | Pred_L: 0.010
Step 33000 | R: -15.00 | RL_L: -73.07 | Pred_L: 0.011
Step 33000 | R: -15.00 | RL_L: -115.90 | Pred_L: 0.011
Step 33000 | R: -15.00 | RL_L: -165.04 | Pred_L: 0.011
Step 33000 | R: -15.00 | RL_L: -100.89 | Pred_L: 0.011
Step 33000 | R: -15.00 | RL_L: -107.46 | Pred_L: 0.010
Step 33000 | R: -15.00 | RL_L: -102.09 | Pred_L: 0.011
Step 33000 | R: -15.00 | RL_L: -98.09 | Pred_L: 0.010
Step 33000 | R: -15.00 | RL_L: -79.04 | Pred_L: 0.010
Step 33000 | R: -15.00 | RL_L: -135.34 | Pred_L: 0.010

>>> EVALUATION AT STEP 35000
====================================================================================================
--- Step 0 ---
Leader (True): [ 0.000, -0.785,  0.000, -2.356,  0.000,  1.571,  0.785]
Leader (Pred): [-0.101, -0.735, -0.042, -2.428, -0.088,  1.196,  0.774]
Follower     : [-0.003, -0.786,  0.002, -2.357,  0.002,  1.570,  0.787]
Action (Tau) : [-29.998, -30.000, 29.998, -29.988, 10.000, -10.000,  9.999]
Error (T-F)  : [ 0.003,  0.001, -0.002,  0.001, -0.002,  0.001, -0.002]
------------------------------------------------------------
--- Step 10 ---
Leader (True): [ 0.000, -0.785,  0.000, -2.356,  0.001,  1.571,  0.785]
Leader (Pred): [-0.102, -0.735, -0.043, -2.428, -0.089,  1.198,  0.773]
Follower     : [-0.140, -0.839,  0.088, -2.415,  0.138,  1.507,  0.906]
Action (Tau) : [21.969, 23.199, -24.386, 25.999, 10.000, -7.822,  8.583]
Error (T-F)  : [ 0.140,  0.054, -0.088,  0.060, -0.137,  0.064, -0.121]
------------------------------------------------------------
--- Step 20 ---
Leader (True): [ 0.007, -0.786,  0.003, -2.355,  0.030,  1.562,  0.785]
Leader (Pred): [-0.101, -0.735, -0.042, -2.428, -0.088,  1.194,  0.775]
Follower     : [-0.246, -0.884,  0.133, -2.449,  0.424,  1.335,  1.102]
Action (Tau) : [ 9.480, -17.599, -12.486, -9.143,  9.875, -5.323, -9.355]
Error (T-F)  : [ 0.253,  0.098, -0.130,  0.093, -0.394,  0.227, -0.316]
------------------------------------------------------------
--- Step 30 ---
Leader (True): [ 0.013, -0.787,  0.005, -2.355,  0.060,  1.554,  0.786]
Leader (Pred): [-0.100, -0.736, -0.041, -2.428, -0.087,  1.194,  0.775]
Follower     : [-0.264, -0.918,  0.096, -2.490,  0.841,  1.106,  1.131]
Action (Tau) : [-10.496, -17.307,  0.046, -18.333,  9.887, -0.754, -9.941]
Error (T-F)  : [ 0.277,  0.131, -0.091,  0.135, -0.781,  0.448, -0.345]
------------------------------------------------------------
--- Step 40 ---
Leader (True): [ 0.019, -0.787,  0.007, -2.355,  0.090,  1.547,  0.786]
Leader (Pred): [-0.095, -0.740, -0.035, -2.428, -0.083,  1.178,  0.782]
Follower     : [-0.262, -0.966,  0.054, -2.600,  1.418,  0.904,  0.965]
Action (Tau) : [-29.619, -29.674, 29.634, -29.726,  9.690, -6.633, -9.946]
Error (T-F)  : [ 0.282,  0.178, -0.046,  0.245, -1.328,  0.643, -0.179]
------------------------------------------------------------
>>> Avg Reward: -249.00
