2026-01-28 10:31:44,997 [INFO] Actor parameters: 314,908
2026-01-28 10:31:45,000 [INFO] Critic parameters: 634,370
2026-01-28 10:31:45,000 [INFO] Action dim: 14 (Kp[7] + Kd[7])
2026-01-28 10:31:45,001 [INFO] Buffer: obs_dim=215, action_dim=14
2026-01-28 10:31:45,250 [INFO] Warmup: 20000 steps...
2026-01-28 10:34:45,160 [INFO] Starting PD Gain Tuning SAC training...
2026-01-28 10:41:17,089 [INFO] Step 30,000: Eval=10705.78 (best=-inf), PosErr=0.1762, Kp=154.6, Kd=25.2
2026-01-28 10:41:17,481 [INFO] New best!
2026-01-28 10:46:52,645 [INFO] Step 40,000: Eval=10743.17 (best=10705.78), PosErr=0.1731, Kp=158.5, Kd=25.4
2026-01-28 10:46:52,823 [INFO] New best!
2026-01-28 10:53:43,281 [INFO] Step 50,000: Eval=10784.83 (best=10743.17), PosErr=0.1715, Kp=165.3, Kd=26.7
2026-01-28 10:53:43,654 [INFO] New best!
2026-01-28 10:59:53,394 [INFO] Step 60,000: Eval=11059.66 (best=10784.83), PosErr=0.1671, Kp=157.5, Kd=26.8
2026-01-28 10:59:53,742 [INFO] New best!
2026-01-28 11:06:05,109 [INFO] Step 70,000: Eval=10829.92 (best=11059.66), PosErr=0.1719, Kp=154.2, Kd=27.7
2026-01-28 11:12:22,305 [INFO] Step 80,000: Eval=11225.31 (best=11059.66), PosErr=0.1696, Kp=157.8, Kd=24.6
2026-01-28 11:12:22,481 [INFO] New best!
2026-01-28 11:19:14,453 [INFO] Step 90,000: Eval=11318.04 (best=11225.31), PosErr=0.1619, Kp=158.6, Kd=26.5
2026-01-28 11:19:14,942 [INFO] New best!
2026-01-28 11:26:13,072 [INFO] Step 100,000: Eval=12056.35 (best=11318.04), PosErr=0.1443, Kp=163.0, Kd=27.4
2026-01-28 11:26:13,261 [INFO] New best!
2026-01-28 11:32:25,781 [INFO] Step 110,000: Eval=11568.30 (best=12056.35), PosErr=0.1552, Kp=176.2, Kd=27.6
2026-01-28 11:38:49,094 [INFO] Step 120,000: Eval=11553.89 (best=12056.35), PosErr=0.1561, Kp=154.9, Kd=26.2
2026-01-28 11:45:29,846 [INFO] Step 130,000: Eval=11810.55 (best=12056.35), PosErr=0.1497, Kp=176.4, Kd=26.9
2026-01-28 11:51:59,959 [INFO] Step 140,000: Eval=11982.71 (best=12056.35), PosErr=0.1490, Kp=169.9, Kd=26.7
2026-01-28 11:58:28,766 [INFO] Step 150,000: Eval=11232.11 (best=12056.35), PosErr=0.1641, Kp=147.1, Kd=25.8
2026-01-28 12:04:57,130 [INFO] Step 160,000: Eval=11675.90 (best=12056.35), PosErr=0.1567, Kp=150.4, Kd=26.2
2026-01-28 12:12:06,024 [INFO] Step 170,000: Eval=11423.36 (best=12056.35), PosErr=0.1612, Kp=172.9, Kd=27.6
2026-01-28 12:18:03,683 [INFO] Step 180,000: Eval=12167.18 (best=12056.35), PosErr=0.1425, Kp=169.5, Kd=26.9
2026-01-28 12:18:03,879 [INFO] New best!
2026-01-28 12:23:54,537 [INFO] Step 190,000: Eval=11817.66 (best=12167.18), PosErr=0.1501, Kp=166.4, Kd=26.9
2026-01-28 12:30:01,710 [INFO] Step 200,000: Eval=12160.44 (best=12167.18), PosErr=0.1410, Kp=172.0, Kd=30.2
2026-01-28 12:37:26,626 [INFO] Step 210,000: Eval=12073.96 (best=12167.18), PosErr=0.1429, Kp=182.8, Kd=29.8
2026-01-28 12:43:44,161 [INFO] Step 220,000: Eval=12398.07 (best=12167.18), PosErr=0.1379, Kp=177.3, Kd=28.5
2026-01-28 12:43:44,324 [INFO] New best!
2026-01-28 12:50:08,865 [INFO] Step 230,000: Eval=12523.83 (best=12398.07), PosErr=0.1345, Kp=172.0, Kd=28.3
2026-01-28 12:50:09,240 [INFO] New best!
2026-01-28 12:57:19,345 [INFO] Step 240,000: Eval=12335.48 (best=12523.83), PosErr=0.1389, Kp=178.4, Kd=27.2
2026-01-28 13:03:17,352 [INFO] Step 250,000: Eval=11944.80 (best=12523.83), PosErr=0.1445, Kp=175.1, Kd=28.7
2026-01-28 13:09:35,636 [INFO] Step 260,000: Eval=11884.75 (best=12523.83), PosErr=0.1478, Kp=170.1, Kd=26.9
2026-01-28 13:16:44,998 [INFO] Step 270,000: Eval=12254.97 (best=12523.83), PosErr=0.1393, Kp=175.7, Kd=27.7
2026-01-28 13:23:19,187 [INFO] Step 280,000: Eval=11577.48 (best=12523.83), PosErr=0.1545, Kp=167.8, Kd=27.6
2026-01-28 13:29:25,775 [INFO] Step 290,000: Eval=12185.32 (best=12523.83), PosErr=0.1419, Kp=167.2, Kd=28.9
2026-01-28 13:35:55,420 [INFO] Step 300,000: Eval=12304.42 (best=12523.83), PosErr=0.1381, Kp=198.3, Kd=27.7
2026-01-28 13:42:32,351 [INFO] Step 310,000: Eval=12361.07 (best=12523.83), PosErr=0.1374, Kp=190.7, Kd=25.8
2026-01-28 13:48:59,005 [INFO] Step 320,000: Eval=12674.04 (best=12523.83), PosErr=0.1313, Kp=191.1, Kd=27.5
2026-01-28 13:48:59,182 [INFO] New best!
2026-01-28 13:55:02,938 [INFO] Step 330,000: Eval=12148.43 (best=12674.04), PosErr=0.1431, Kp=182.6, Kd=26.9
2026-01-28 14:01:22,624 [INFO] Step 340,000: Eval=12233.90 (best=12674.04), PosErr=0.1430, Kp=171.2, Kd=27.4
2026-01-28 14:08:51,904 [INFO] Step 350,000: Eval=12043.08 (best=12674.04), PosErr=0.1455, Kp=174.1, Kd=28.5
2026-01-28 14:14:44,873 [INFO] Step 360,000: Eval=12476.33 (best=12674.04), PosErr=0.1361, Kp=175.3, Kd=27.5
2026-01-28 14:20:29,668 [INFO] Step 370,000: Eval=12391.18 (best=12674.04), PosErr=0.1373, Kp=176.8, Kd=27.1
2026-01-28 14:27:34,272 [INFO] Step 380,000: Eval=12753.28 (best=12674.04), PosErr=0.1304, Kp=170.3, Kd=27.7
2026-01-28 14:27:34,681 [INFO] New best!
2026-01-28 14:34:17,993 [INFO] Step 390,000: Eval=12847.09 (best=12753.28), PosErr=0.1300, Kp=174.6, Kd=27.8
2026-01-28 14:34:18,226 [INFO] New best!
2026-01-28 14:40:36,123 [INFO] Step 400,000: Eval=12734.66 (best=12847.09), PosErr=0.1320, Kp=183.1, Kd=27.1
2026-01-28 14:46:12,764 [INFO] Step 410,000: Eval=12473.50 (best=12847.09), PosErr=0.1364, Kp=168.9, Kd=26.8
2026-01-28 14:52:50,280 [INFO] Step 420,000: Eval=12443.84 (best=12847.09), PosErr=0.1380, Kp=170.9, Kd=28.0
2026-01-28 14:59:46,083 [INFO] Step 430,000: Eval=12849.96 (best=12847.09), PosErr=0.1287, Kp=173.7, Kd=27.7
2026-01-28 14:59:46,260 [INFO] New best!
2026-01-28 15:05:57,300 [INFO] Step 440,000: Eval=13011.82 (best=12849.96), PosErr=0.1260, Kp=185.4, Kd=28.4
2026-01-28 15:05:57,481 [INFO] New best!
2026-01-28 15:12:07,049 [INFO] Step 450,000: Eval=12724.21 (best=13011.82), PosErr=0.1306, Kp=185.5, Kd=28.0
2026-01-28 15:18:37,039 [INFO] Step 460,000: Eval=12840.23 (best=13011.82), PosErr=0.1305, Kp=189.9, Kd=25.5
2026-01-28 15:25:47,095 [INFO] Step 470,000: Eval=12882.42 (best=13011.82), PosErr=0.1297, Kp=187.2, Kd=25.0
2026-01-28 15:31:52,319 [INFO] Step 480,000: Eval=12842.72 (best=13011.82), PosErr=0.1303, Kp=187.9, Kd=23.9
2026-01-28 15:37:38,574 [INFO] Step 490,000: Eval=12867.25 (best=13011.82), PosErr=0.1291, Kp=179.4, Kd=24.7
2026-01-28 15:43:04,179 [INFO] Step 500,000: Eval=13267.08 (best=13011.82), PosErr=0.1228, Kp=188.3, Kd=25.8
2026-01-28 15:43:04,377 [INFO] New best!
2026-01-28 15:48:35,501 [INFO] Step 510,000: Eval=13060.77 (best=13267.08), PosErr=0.1279, Kp=173.4, Kd=25.8
2026-01-28 15:54:06,849 [INFO] Step 520,000: Eval=12944.91 (best=13267.08), PosErr=0.1290, Kp=182.4, Kd=25.5
2026-01-28 15:59:58,356 [INFO] Step 530,000: Eval=13136.10 (best=13267.08), PosErr=0.1257, Kp=177.6, Kd=27.1
2026-01-28 16:03:32,097 [INFO] Step 540,000: Eval=12964.43 (best=13267.08), PosErr=0.1273, Kp=181.3, Kd=29.0
2026-01-28 16:07:07,153 [INFO] Step 550,000: Eval=13065.79 (best=13267.08), PosErr=0.1273, Kp=172.9, Kd=25.5
2026-01-28 16:10:40,373 [INFO] Step 560,000: Eval=12948.27 (best=13267.08), PosErr=0.1271, Kp=181.0, Kd=24.6
2026-01-28 16:14:06,787 [INFO] Step 570,000: Eval=13224.86 (best=13267.08), PosErr=0.1227, Kp=182.8, Kd=26.5
2026-01-28 16:17:33,899 [INFO] Step 580,000: Eval=12852.44 (best=13267.08), PosErr=0.1289, Kp=176.9, Kd=27.4
2026-01-28 16:21:02,819 [INFO] Step 590,000: Eval=13154.05 (best=13267.08), PosErr=0.1243, Kp=193.8, Kd=24.8
2026-01-28 16:24:35,220 [INFO] Step 600,000: Eval=13025.08 (best=13267.08), PosErr=0.1266, Kp=197.2, Kd=26.4
2026-01-28 16:28:04,946 [INFO] Step 610,000: Eval=12913.99 (best=13267.08), PosErr=0.1278, Kp=191.2, Kd=25.8
2026-01-28 16:31:32,102 [INFO] Step 620,000: Eval=12848.28 (best=13267.08), PosErr=0.1301, Kp=183.4, Kd=25.5
2026-01-28 16:35:02,454 [INFO] Step 630,000: Eval=12777.02 (best=13267.08), PosErr=0.1310, Kp=192.2, Kd=29.0
2026-01-28 16:38:30,656 [INFO] Step 640,000: Eval=12677.78 (best=13267.08), PosErr=0.1320, Kp=178.5, Kd=26.8
2026-01-28 16:41:59,357 [INFO] Step 650,000: Eval=12805.97 (best=13267.08), PosErr=0.1287, Kp=179.0, Kd=26.3
2026-01-28 16:45:27,454 [INFO] Step 660,000: Eval=12822.90 (best=13267.08), PosErr=0.1300, Kp=181.1, Kd=26.0
2026-01-28 16:48:56,728 [INFO] Step 670,000: Eval=12997.53 (best=13267.08), PosErr=0.1256, Kp=181.4, Kd=28.0
2026-01-28 16:52:26,873 [INFO] Step 680,000: Eval=12848.87 (best=13267.08), PosErr=0.1297, Kp=184.7, Kd=26.1
2026-01-28 16:55:56,179 [INFO] Step 690,000: Eval=13108.18 (best=13267.08), PosErr=0.1255, Kp=188.9, Kd=26.0
2026-01-28 16:59:26,070 [INFO] Step 700,000: Eval=13045.51 (best=13267.08), PosErr=0.1268, Kp=188.4, Kd=25.6
2026-01-28 16:59:26,070 [INFO] Early stopping!
