>>> Loaded Pre-trained Actor.
>>> E2E RL STARTED | Mode: JOINT
>>> Starting Warmup...

>>> EVALUATION AT STEP 30000
====================================================================================================
--- Step 0 ---
Leader (True): [ 0.000, -0.785,  0.000, -2.356,  0.000,  1.571,  0.785]
Leader (Pred): [-1.881, -2.042,  3.594, -4.985, -1.711,  3.075, -1.714]
Follower     : [ 0.001, -0.785, -0.001, -2.356, -0.001,  1.571,  0.785]
Action (Tau) : [12.894, -8.433, -7.795, -2.299, -4.146,  1.852, -2.755]
Error (T-F)  : [-0.001,  0.000,  0.001,  0.000,  0.001, -0.000,  0.000]
------------------------------------------------------------
--- Step 10 ---
Leader (True): [ 0.000, -0.785,  0.000, -2.356,  0.001,  1.571,  0.785]
Leader (Pred): [-1.881, -2.042,  3.594, -4.985, -1.711,  3.075, -1.714]
Follower     : [ 0.069, -0.800, -0.041, -2.371, -0.056,  1.597,  0.763]
Action (Tau) : [13.777, -9.226, -8.496, -2.492, -4.408,  1.913, -2.971]
Error (T-F)  : [-0.069,  0.015,  0.041,  0.015,  0.057, -0.026,  0.022]
------------------------------------------------------------
--- Step 20 ---
Leader (True): [ 0.007, -0.786,  0.003, -2.355,  0.030,  1.562,  0.785]
Leader (Pred): [-1.881, -2.042,  3.595, -4.985, -1.711,  3.075, -1.714]
Follower     : [ 0.234, -0.845, -0.137, -2.406, -0.196,  1.658,  0.709]
Action (Tau) : [11.812, -8.057, -7.263, -2.095, -3.880,  1.440, -2.539]
Error (T-F)  : [-0.228,  0.059,  0.140,  0.051,  0.226, -0.096,  0.077]
------------------------------------------------------------
--- Step 30 ---
Leader (True): [ 0.013, -0.787,  0.005, -2.355,  0.060,  1.554,  0.786]
Leader (Pred): [-1.881, -2.042,  3.594, -4.985, -1.711,  3.075, -1.714]
Follower     : [ 0.467, -0.931, -0.267, -2.455, -0.411,  1.736,  0.631]
Action (Tau) : [10.756, -7.236, -6.448, -1.617, -3.560,  1.182, -2.261]
Error (T-F)  : [-0.454,  0.145,  0.272,  0.100,  0.471, -0.182,  0.155]
------------------------------------------------------------
--- Step 40 ---
Leader (True): [ 0.019, -0.787,  0.007, -2.355,  0.090,  1.547,  0.786]
Leader (Pred): [-1.881, -2.042,  3.594, -4.985, -1.711,  3.075, -1.714]
Follower     : [ 0.732, -1.071, -0.401, -2.508, -0.687,  1.815,  0.538]
Action (Tau) : [ 8.644, -5.753, -5.114, -1.193, -2.860,  0.763, -1.832]
Error (T-F)  : [-0.713,  0.283,  0.409,  0.153,  0.777, -0.268,  0.248]
------------------------------------------------------------
--- Step 50 ---
Leader (True): [ 0.026, -0.788,  0.010, -2.355,  0.120,  1.540,  0.787]
Leader (Pred): [-1.881, -2.042,  3.595, -4.985, -1.711,  3.075, -1.714]
Follower     : [ 0.999, -1.264, -0.513, -2.557, -1.007,  1.886,  0.435]
Action (Tau) : [ 8.530, -5.662, -5.277, -1.256, -2.742,  0.599, -1.795]
Error (T-F)  : [-0.974,  0.476,  0.523,  0.201,  1.127, -0.345,  0.352]
------------------------------------------------------------
>>> Avg Reward: -170.57
Step 33000 | R: -15.00 | RL_L: 4.06 | Pred_L: 1.352
Step 33000 | R: -15.00 | RL_L: 3.89 | Pred_L: 1.352
Step 33000 | R: -15.00 | RL_L: 2.47 | Pred_L: 1.340
Step 33000 | R: -15.00 | RL_L: 4.03 | Pred_L: 1.349
Step 33000 | R: -15.00 | RL_L: 4.71 | Pred_L: 1.358
Step 33000 | R: -15.00 | RL_L: 4.42 | Pred_L: 1.349
Step 33000 | R: -15.00 | RL_L: 3.00 | Pred_L: 1.340
Step 33000 | R: -15.00 | RL_L: 4.34 | Pred_L: 1.341
Step 33000 | R: -15.00 | RL_L: 4.36 | Pred_L: 1.337
Step 33000 | R: -15.00 | RL_L: 3.93 | Pred_L: 1.325
Step 33000 | R: -15.00 | RL_L: 2.98 | Pred_L: 1.316
Step 33000 | R: -15.00 | RL_L: 4.45 | Pred_L: 1.318
Step 33000 | R: -15.00 | RL_L: 3.37 | Pred_L: 1.312
Step 33000 | R: -15.00 | RL_L: 3.27 | Pred_L: 1.312
Step 33000 | R: -15.00 | RL_L: 5.03 | Pred_L: 1.314
Step 33000 | R: -15.00 | RL_L: 4.26 | Pred_L: 1.311
Step 33000 | R: -15.00 | RL_L: 1.61 | Pred_L: 1.306
Step 33000 | R: -15.00 | RL_L: 4.13 | Pred_L: 1.326
Step 33000 | R: -15.00 | RL_L: 4.67 | Pred_L: 1.339
Step 33000 | R: -15.00 | RL_L: 4.45 | Pred_L: 1.340
Step 33000 | R: -15.00 | RL_L: 2.86 | Pred_L: 1.341
Step 33000 | R: -15.00 | RL_L: 4.98 | Pred_L: 1.350
Step 33000 | R: -15.00 | RL_L: 3.18 | Pred_L: 1.342
Step 33000 | R: -15.00 | RL_L: 2.15 | Pred_L: 1.346
Step 33000 | R: -15.00 | RL_L: 2.49 | Pred_L: 1.357
Step 33000 | R: -15.00 | RL_L: 5.91 | Pred_L: 1.375
Step 33000 | R: -15.00 | RL_L: 3.32 | Pred_L: 1.379
Step 33000 | R: -15.00 | RL_L: 1.96 | Pred_L: 1.384
Step 33000 | R: -15.00 | RL_L: 2.45 | Pred_L: 1.407
Step 33000 | R: -15.00 | RL_L: 3.27 | Pred_L: 1.436
Step 33000 | R: -15.00 | RL_L: 4.02 | Pred_L: 1.452
Step 33000 | R: -15.00 | RL_L: 2.42 | Pred_L: 1.470

>>> EVALUATION AT STEP 35000
====================================================================================================
--- Step 0 ---
Leader (True): [ 0.000, -0.785,  0.000, -2.356,  0.000,  1.571,  0.785]
Leader (Pred): [-2.687, -2.921,  3.723, -5.430, -2.577,  3.847, -2.193]
Follower     : [ 0.002, -0.786, -0.001, -2.357, -0.002,  1.573,  0.783]
Action (Tau) : [29.280, -28.879, -12.066, -11.788, -9.484,  9.219, -9.417]
Error (T-F)  : [-0.002,  0.001,  0.001,  0.001,  0.002, -0.002,  0.002]
------------------------------------------------------------
--- Step 10 ---
Leader (True): [ 0.000, -0.785,  0.000, -2.356,  0.001,  1.571,  0.785]
Leader (Pred): [-2.687, -2.921,  3.723, -5.430, -2.577,  3.847, -2.193]
Follower     : [ 0.120, -0.831, -0.064, -2.410, -0.109,  1.683,  0.689]
Action (Tau) : [10.864, -8.403, -3.044, -1.643, -3.082,  2.863, -2.861]
Error (T-F)  : [-0.120,  0.046,  0.064,  0.054,  0.109, -0.112,  0.096]
------------------------------------------------------------
--- Step 20 ---
Leader (True): [ 0.007, -0.786,  0.003, -2.355,  0.030,  1.562,  0.785]
Leader (Pred): [-2.687, -2.921,  3.723, -5.430, -2.577,  3.846, -2.193]
Follower     : [ 0.294, -0.909, -0.154, -2.483, -0.280,  1.844,  0.563]
Action (Tau) : [ 1.735, -0.027, -0.620,  0.798, -0.789,  0.103, -0.133]
Error (T-F)  : [-0.287,  0.123,  0.156,  0.128,  0.310, -0.282,  0.222]
------------------------------------------------------------
--- Step 30 ---
Leader (True): [ 0.013, -0.787,  0.005, -2.355,  0.060,  1.554,  0.786]
Leader (Pred): [-2.687, -2.921,  3.723, -5.430, -2.577,  3.847, -2.193]
Follower     : [ 0.460, -0.997, -0.238, -2.550, -0.465,  1.998,  0.463]
Action (Tau) : [ 1.539,  0.106, -0.247,  0.569, -0.612,  0.157, -0.044]
Error (T-F)  : [-0.447,  0.211,  0.243,  0.195,  0.525, -0.444,  0.322]
------------------------------------------------------------
--- Step 40 ---
Leader (True): [ 0.019, -0.787,  0.007, -2.355,  0.090,  1.547,  0.786]
Leader (Pred): [-2.686, -2.920,  3.722, -5.429, -2.576,  3.846, -2.192]
Follower     : [ 0.616, -1.094, -0.313, -2.609, -0.658,  2.144,  0.393]
Action (Tau) : [ 1.219,  0.043,  0.138,  0.454, -0.571,  0.112, -0.054]
Error (T-F)  : [-0.597,  0.307,  0.320,  0.254,  0.748, -0.597,  0.393]
------------------------------------------------------------
--- Step 50 ---
Leader (True): [ 0.026, -0.788,  0.010, -2.355,  0.120,  1.540,  0.787]
Leader (Pred): [-2.687, -2.921,  3.723, -5.430, -2.577,  3.847, -2.193]
Follower     : [ 0.762, -1.197, -0.376, -2.657, -0.854,  2.281,  0.353]
Action (Tau) : [ 1.016, -0.025, -0.096,  0.424, -0.715, -0.200,  0.044]
Error (T-F)  : [-0.736,  0.409,  0.386,  0.302,  0.974, -0.740,  0.434]
------------------------------------------------------------
--- Step 60 ---
Leader (True): [ 0.032, -0.788,  0.012, -2.356,  0.150,  1.535,  0.787]
Leader (Pred): [-2.687, -2.921,  3.724, -5.431, -2.577,  3.847, -2.193]
Follower     : [ 0.921, -1.320, -0.440, -2.703, -1.083,  2.420,  0.314]
Action (Tau) : [18.055, -15.592, -6.671, -4.088, -5.401,  4.370, -4.699]
Error (T-F)  : [-0.889,  0.532,  0.452,  0.347,  1.233, -0.886,  0.473]
------------------------------------------------------------
>>> Avg Reward: -104.01

>>> EVALUATION AT STEP 40000
====================================================================================================
--- Step 0 ---
Leader (True): [ 0.000, -0.785,  0.000, -2.356,  0.000,  1.571,  0.785]
Leader (Pred): [-4.801, -4.038,  6.129, -7.858, -4.377,  5.094, -4.736]
Follower     : [ 0.002, -0.786, -0.001, -2.357, -0.002,  1.573,  0.785]
Action (Tau) : [24.736, -15.747,  3.068, -17.532, -9.550,  8.406,  2.578]
Error (T-F)  : [-0.002,  0.001,  0.001,  0.001,  0.002, -0.002, -0.000]
------------------------------------------------------------
--- Step 10 ---
Leader (True): [ 0.000, -0.785,  0.000, -2.356,  0.001,  1.571,  0.785]
Leader (Pred): [-4.796, -3.995,  6.123, -7.829, -4.351,  5.078, -4.727]
Follower     : [ 0.097, -0.824, -0.031, -2.422, -0.125,  1.708,  0.789]
Action (Tau) : [22.560, -4.736,  9.000, -15.136, -8.739,  8.710,  0.467]
Error (T-F)  : [-0.097,  0.039,  0.031,  0.066,  0.126, -0.137, -0.004]
------------------------------------------------------------
--- Step 20 ---
Leader (True): [ 0.007, -0.786,  0.003, -2.355,  0.030,  1.562,  0.785]
Leader (Pred): [-4.799, -4.031,  6.126, -7.853, -4.372,  5.091, -4.733]
Follower     : [ 0.274, -0.892, -0.082, -2.553, -0.413,  2.015,  0.790]
Action (Tau) : [ 4.611,  2.486,  7.378, -10.278, -4.140,  4.999,  1.872]
Error (T-F)  : [-0.267,  0.106,  0.085,  0.198,  0.443, -0.453, -0.005]
------------------------------------------------------------
--- Step 30 ---
Leader (True): [ 0.013, -0.787,  0.005, -2.355,  0.060,  1.554,  0.786]
Leader (Pred): [-4.795, -3.995,  6.123, -7.829, -4.351,  5.078, -4.727]
Follower     : [ 0.432, -0.961, -0.133, -2.710, -0.796,  2.426,  0.809]
Action (Tau) : [ 2.697,  1.951,  6.748, -12.393, -4.936,  4.355,  2.872]
Error (T-F)  : [-0.419,  0.174,  0.138,  0.355,  0.856, -0.872, -0.023]
------------------------------------------------------------
>>> Avg Reward: -183.30
Step 41000 | R: -15.00 | RL_L: 2.76 | Pred_L: 2.731
Step 41000 | R: -15.00 | RL_L: 6.19 | Pred_L: 2.654
Step 41000 | R: -15.00 | RL_L: 7.64 | Pred_L: 2.608
Step 41000 | R: -15.00 | RL_L: 6.62 | Pred_L: 2.537
Step 41000 | R: -15.00 | RL_L: 5.46 | Pred_L: 2.462
Step 41000 | R: -15.00 | RL_L: 10.57 | Pred_L: 2.425
Step 41000 | R: -15.00 | RL_L: 6.76 | Pred_L: 2.349
Step 41000 | R: -15.00 | RL_L: 5.95 | Pred_L: 2.278
Step 41000 | R: -15.00 | RL_L: 7.16 | Pred_L: 2.217
Step 41000 | R: -15.00 | RL_L: 7.45 | Pred_L: 2.158
Step 41000 | R: -15.00 | RL_L: 4.80 | Pred_L: 2.105
Step 41000 | R: -15.00 | RL_L: -0.43 | Pred_L: 2.045
Step 41000 | R: -15.00 | RL_L: 7.52 | Pred_L: 2.042
Step 41000 | R: -15.00 | RL_L: 5.21 | Pred_L: 2.027
Step 41000 | R: -15.00 | RL_L: 9.60 | Pred_L: 2.020
Step 41000 | R: -15.00 | RL_L: -0.56 | Pred_L: 2.011
Step 41000 | R: -15.00 | RL_L: 5.35 | Pred_L: 2.026
Step 41000 | R: -15.00 | RL_L: -0.72 | Pred_L: 2.055
Step 41000 | R: -15.00 | RL_L: 1.03 | Pred_L: 2.111
Step 41000 | R: -15.00 | RL_L: 6.11 | Pred_L: 2.197
Step 41000 | R: -15.00 | RL_L: 0.01 | Pred_L: 2.275
Step 41000 | R: -15.00 | RL_L: -0.39 | Pred_L: 2.369
Step 41000 | R: -15.00 | RL_L: 0.25 | Pred_L: 2.507
Step 41000 | R: -15.00 | RL_L: 7.48 | Pred_L: 2.692
Step 41000 | R: -15.00 | RL_L: 5.00 | Pred_L: 2.838
Step 41000 | R: -15.00 | RL_L: 3.67 | Pred_L: 2.977
Step 41000 | R: -15.00 | RL_L: 5.77 | Pred_L: 3.100
Step 41000 | R: -15.00 | RL_L: 2.63 | Pred_L: 3.199
Step 41000 | R: -15.00 | RL_L: 1.22 | Pred_L: 3.294
Step 41000 | R: -15.00 | RL_L: 6.92 | Pred_L: 3.403
Step 41000 | R: -15.00 | RL_L: 8.62 | Pred_L: 3.486
Step 41000 | R: -15.00 | RL_L: 3.26 | Pred_L: 3.524

>>> EVALUATION AT STEP 45000
====================================================================================================
--- Step 0 ---
Leader (True): [ 0.000, -0.785,  0.000, -2.356,  0.000,  1.571,  0.785]
Leader (Pred): [-5.953, -6.270,  7.730, -10.170, -5.381,  6.428, -5.586]
Follower     : [ 0.001, -0.786, -0.001, -2.357, -0.002,  1.570,  0.783]
Action (Tau) : [21.621, -27.402, -3.147, -27.759, -9.778, -8.133, -9.825]
Error (T-F)  : [-0.001,  0.001,  0.001,  0.001,  0.002,  0.001,  0.002]
------------------------------------------------------------
--- Step 10 ---
Leader (True): [ 0.000, -0.785,  0.000, -2.356,  0.001,  1.571,  0.785]
Leader (Pred): [-5.757, -6.100,  7.467, -9.894, -5.209,  6.264, -5.390]
Follower     : [ 0.112, -0.844, -0.060, -2.429, -0.112,  1.544,  0.667]
Action (Tau) : [25.690, -24.382, -20.756, -24.480, -6.185, -2.284, -7.259]
Error (T-F)  : [-0.112,  0.059,  0.060,  0.073,  0.112,  0.026,  0.118]
------------------------------------------------------------
--- Step 20 ---
Leader (True): [ 0.007, -0.786,  0.003, -2.355,  0.030,  1.562,  0.785]
Leader (Pred): [-5.789, -6.129,  7.509, -9.939, -5.237,  6.290, -5.421]
Follower     : [ 0.391, -1.014, -0.225, -2.603, -0.354,  1.552,  0.429]
Action (Tau) : [27.494, -25.724, -23.086, -26.672, -6.592,  2.926, -5.564]
Error (T-F)  : [-0.384,  0.228,  0.228,  0.248,  0.384,  0.010,  0.357]
------------------------------------------------------------
--- Step 30 ---
Leader (True): [ 0.013, -0.787,  0.005, -2.355,  0.060,  1.554,  0.786]
Leader (Pred): [-6.082, -6.368,  7.954, -10.363, -5.522,  6.517, -5.735]
Follower     : [ 0.741, -1.355, -0.470, -2.856, -0.729,  1.615,  0.107]
Action (Tau) : [28.133, -26.986, -24.005, -27.865, -5.945,  3.393, -4.805]
Error (T-F)  : [-0.728,  0.568,  0.475,  0.501,  0.789, -0.061,  0.679]
------------------------------------------------------------
>>> Avg Reward: -190.00
Step 49000 | R: -15.00 | RL_L: -49.48 | Pred_L: 16.132
Step 49000 | R: -15.00 | RL_L: -10.15 | Pred_L: 15.651
Step 49000 | R: -15.00 | RL_L: -80.93 | Pred_L: 16.249
Step 49000 | R: -15.00 | RL_L: -77.48 | Pred_L: 15.210
Step 49000 | R: -15.00 | RL_L: -51.68 | Pred_L: 15.749
Step 49000 | R: -15.00 | RL_L: -112.99 | Pred_L: 18.391
Step 49000 | R: -15.00 | RL_L: -78.06 | Pred_L: 22.508
Step 49000 | R: -15.00 | RL_L: -43.27 | Pred_L: 25.752
Step 49000 | R: -15.00 | RL_L: -119.53 | Pred_L: 29.824
Step 49000 | R: -15.00 | RL_L: -99.09 | Pred_L: 37.633
Step 49000 | R: -15.00 | RL_L: -86.07 | Pred_L: 43.427
Step 49000 | R: -15.00 | RL_L: -134.72 | Pred_L: 41.925
Step 49000 | R: -15.00 | RL_L: -18.88 | Pred_L: 43.610
Step 49000 | R: -15.00 | RL_L: -46.11 | Pred_L: 38.637
Step 49000 | R: -15.00 | RL_L: -88.43 | Pred_L: 31.529
Step 49000 | R: -15.00 | RL_L: -19.69 | Pred_L: 33.874
Step 49000 | R: -15.00 | RL_L: -16.62 | Pred_L: 32.531
Step 49000 | R: -15.00 | RL_L: -52.14 | Pred_L: 21.222
Step 49000 | R: -15.00 | RL_L: -63.51 | Pred_L: 19.753
Step 49000 | R: -15.00 | RL_L: -85.89 | Pred_L: 19.373
Step 49000 | R: -15.00 | RL_L: -44.90 | Pred_L: 17.131
Step 49000 | R: -15.00 | RL_L: -80.05 | Pred_L: 18.890
Step 49000 | R: -15.00 | RL_L: -85.51 | Pred_L: 22.719
Step 49000 | R: -15.00 | RL_L: -73.36 | Pred_L: 27.644
Step 49000 | R: -15.00 | RL_L: -111.90 | Pred_L: 32.285
Step 49000 | R: -15.00 | RL_L: -98.51 | Pred_L: 36.426
Step 49000 | R: -15.00 | RL_L: -13.72 | Pred_L: 29.249
Step 49000 | R: -15.00 | RL_L: -83.24 | Pred_L: 34.353
Step 49000 | R: -15.00 | RL_L: -84.72 | Pred_L: 29.384
Step 49000 | R: -15.00 | RL_L: -101.37 | Pred_L: 26.359
Step 49000 | R: -15.00 | RL_L: -91.39 | Pred_L: 26.190
Step 49000 | R: -15.00 | RL_L: -96.26 | Pred_L: 29.176

>>> EVALUATION AT STEP 50000
====================================================================================================
--- Step 0 ---
Leader (True): [ 0.000, -0.785,  0.000, -2.356,  0.000,  1.571,  0.785]
Leader (Pred): [-3.680, -10.285,  5.593, -8.963, -4.020,  8.133, -4.728]
Follower     : [ 0.001, -0.786, -0.000, -2.357, -0.002,  1.573,  0.783]
Action (Tau) : [17.001, -21.994,  4.453, -29.587, -9.925,  5.765, -9.859]
Error (T-F)  : [-0.001,  0.001,  0.000,  0.001,  0.002, -0.002,  0.002]
------------------------------------------------------------
--- Step 10 ---
Leader (True): [ 0.000, -0.785,  0.000, -2.356,  0.001,  1.571,  0.785]
Leader (Pred): [-3.641, -10.378,  5.686, -9.116, -4.040,  8.185, -4.742]
Follower     : [ 0.036, -0.839,  0.001, -2.448, -0.112,  1.686,  0.665]
Action (Tau) : [-3.616, -9.206, 18.426, -28.919, -8.695,  5.085, -6.702]
Error (T-F)  : [-0.036,  0.054, -0.001,  0.092,  0.113, -0.115,  0.120]
------------------------------------------------------------
--- Step 20 ---
Leader (True): [ 0.007, -0.786,  0.003, -2.355,  0.030,  1.562,  0.785]
Leader (Pred): [-3.670, -10.286,  5.594, -8.969, -4.018,  8.133, -4.722]
Follower     : [ 0.002, -0.941,  0.072, -2.647, -0.350,  1.955,  0.458]
Action (Tau) : [-16.807,  4.929, 19.446, -28.174, -5.981,  4.001,  0.949]
Error (T-F)  : [ 0.005,  0.155, -0.070,  0.292,  0.380, -0.393,  0.328]
------------------------------------------------------------
--- Step 30 ---
Leader (True): [ 0.013, -0.787,  0.005, -2.355,  0.060,  1.554,  0.786]
Leader (Pred): [-3.675, -10.286,  5.594, -8.966, -4.019,  8.133, -4.725]
Follower     : [-0.164, -1.062,  0.254, -2.905, -0.685,  2.362,  0.272]
Action (Tau) : [-27.808, 15.149, 21.357, -29.835, -8.808,  2.582, -3.418]
Error (T-F)  : [ 0.177,  0.275, -0.249,  0.550,  0.745, -0.808,  0.513]
------------------------------------------------------------
>>> Avg Reward: -205.00

>>> EVALUATION AT STEP 55000
====================================================================================================
--- Step 0 ---
Leader (True): [ 0.000, -0.785,  0.000, -2.356,  0.000,  1.571,  0.785]
Leader (Pred): [-66.833, -154.261, 54.506, -48.050, -103.081, 132.610, -63.128]
Follower     : [ 0.001, -0.784,  0.000, -2.355, -0.002,  1.571,  0.787]
Action (Tau) : [30.000, 30.000, 30.000, 29.997, -9.997,  9.439,  9.996]
Error (T-F)  : [-0.001, -0.001, -0.000, -0.001,  0.002, -0.001, -0.002]
------------------------------------------------------------
--- Step 10 ---
Leader (True): [ 0.000, -0.785,  0.000, -2.356,  0.001,  1.571,  0.785]
Leader (Pred): [-61.505, -135.137, 51.188, -44.585, -92.170, 117.595, -59.132]
Follower     : [ 0.080, -0.716,  0.016, -2.264, -0.156,  1.599,  0.927]
Action (Tau) : [29.994, 29.999, 30.000, 29.905, -9.943,  6.606,  9.998]
Error (T-F)  : [-0.080, -0.069, -0.016, -0.092,  0.157, -0.029, -0.142]
------------------------------------------------------------
--- Step 20 ---
Leader (True): [ 0.007, -0.786,  0.003, -2.355,  0.030,  1.562,  0.785]
Leader (Pred): [-52.371, -112.949, 43.280, -37.628, -77.528, 98.668, -50.463]
Follower     : [ 0.295, -0.537,  0.020, -2.018, -0.546,  1.584,  1.274]
Action (Tau) : [29.442, 29.956, 30.000, 23.527, -8.963, -5.923, 10.000]
Error (T-F)  : [-0.288, -0.249, -0.017, -0.337,  0.576, -0.022, -0.488]
------------------------------------------------------------
--- Step 30 ---
Leader (True): [ 0.013, -0.787,  0.005, -2.355,  0.060,  1.554,  0.786]
Leader (Pred): [-66.803, -154.136, 54.499, -48.031, -103.012, 132.514, -63.106]
Follower     : [ 0.701, -0.241, -0.089, -1.580, -1.142,  1.409,  1.808]
Action (Tau) : [29.953, 29.937, 29.999, 29.446, -9.778,  4.957, 10.000]
Error (T-F)  : [-0.688, -0.546,  0.094, -0.774,  1.202,  0.145, -1.022]
------------------------------------------------------------
>>> Avg Reward: -170.00
Step 57000 | R: -15.00 | RL_L: -76.44 | Pred_L: 6.667
Step 57000 | R: -15.00 | RL_L: -103.18 | Pred_L: 6.721
Step 57000 | R: -15.00 | RL_L: -87.69 | Pred_L: 6.847
Step 57000 | R: -15.00 | RL_L: -102.57 | Pred_L: 6.890
Step 57000 | R: -15.00 | RL_L: -96.72 | Pred_L: 6.689
Step 57000 | R: -15.00 | RL_L: -75.42 | Pred_L: 6.558
Step 57000 | R: -15.00 | RL_L: -277.78 | Pred_L: 7.062
Step 57000 | R: -15.00 | RL_L: -115.41 | Pred_L: 6.697
Step 57000 | R: -15.00 | RL_L: -62.80 | Pred_L: 6.889
Step 57000 | R: -15.00 | RL_L: -43.12 | Pred_L: 6.859
Step 57000 | R: -15.00 | RL_L: -99.41 | Pred_L: 6.852
Step 57000 | R: -15.00 | RL_L: -25.02 | Pred_L: 6.942
Step 57000 | R: -15.00 | RL_L: -153.17 | Pred_L: 6.927
Step 57000 | R: -15.00 | RL_L: -158.12 | Pred_L: 6.668
Step 57000 | R: -15.00 | RL_L: -37.57 | Pred_L: 7.002
Step 57000 | R: -15.00 | RL_L: -113.04 | Pred_L: 6.703
Step 57000 | R: -15.00 | RL_L: -40.66 | Pred_L: 6.594
Step 57000 | R: -15.00 | RL_L: -102.77 | Pred_L: 6.697
Step 57000 | R: -15.00 | RL_L: -173.42 | Pred_L: 6.825
Step 57000 | R: -15.00 | RL_L: -132.76 | Pred_L: 7.111
Step 57000 | R: -15.00 | RL_L: -82.32 | Pred_L: 6.983
Step 57000 | R: -15.00 | RL_L: -109.21 | Pred_L: 6.852
Step 57000 | R: -15.00 | RL_L: -71.80 | Pred_L: 6.681
Step 57000 | R: -15.00 | RL_L: -186.39 | Pred_L: 7.048
Step 57000 | R: -15.00 | RL_L: -117.51 | Pred_L: 6.667
Step 57000 | R: -15.00 | RL_L: -40.91 | Pred_L: 6.539
Step 57000 | R: -15.00 | RL_L: -136.85 | Pred_L: 6.702
Step 57000 | R: -15.00 | RL_L: -58.64 | Pred_L: 6.720
Step 57000 | R: -15.00 | RL_L: -159.39 | Pred_L: 6.832
Step 57000 | R: -15.00 | RL_L: -116.62 | Pred_L: 6.829
Step 57000 | R: -15.00 | RL_L: -91.03 | Pred_L: 6.840
Step 57000 | R: -15.00 | RL_L: -78.90 | Pred_L: 6.836

>>> EVALUATION AT STEP 60000
====================================================================================================
--- Step 0 ---
Leader (True): [ 0.000, -0.785,  0.000, -2.356,  0.000,  1.571,  0.785]
Leader (Pred): [-45.235, -41.040, 25.709, -20.201, -36.304, 35.796, -39.668]
Follower     : [ 0.003, -0.784, -0.002, -2.355, -0.002,  1.572,  0.783]
Action (Tau) : [30.000, 30.000, -30.000, 30.000, -10.000, 10.000, -10.000]
Error (T-F)  : [-0.003, -0.001,  0.002, -0.001,  0.002, -0.001,  0.002]
------------------------------------------------------------
--- Step 10 ---
Leader (True): [ 0.000, -0.785,  0.000, -2.356,  0.001,  1.571,  0.785]
Leader (Pred): [-52.897, -53.442, 28.629, -23.022, -45.501, 46.157, -45.605]
Follower     : [ 0.188, -0.724, -0.124, -2.269, -0.146,  1.618,  0.658]
Action (Tau) : [30.000, 30.000, -30.000, 30.000, -10.000, 10.000, -10.000]
Error (T-F)  : [-0.188, -0.061,  0.124, -0.087,  0.146, -0.048,  0.127]
------------------------------------------------------------
--- Step 20 ---
Leader (True): [ 0.007, -0.786,  0.003, -2.355,  0.030,  1.562,  0.785]
Leader (Pred): [-49.867, -48.723, 27.430, -21.898, -41.901, 42.195, -43.206]
Follower     : [ 0.704, -0.634, -0.476, -2.026, -0.496,  1.723,  0.344]
Action (Tau) : [30.000, 30.000, -30.000, 30.000, -10.000, 10.000, -10.000]
Error (T-F)  : [-0.698, -0.152,  0.478, -0.329,  0.526, -0.161,  0.442]
------------------------------------------------------------
>>> Avg Reward: -150.00
Step 65000 | R: -15.00 | RL_L: -156.36 | Pred_L: 372.815
Step 65000 | R: -15.00 | RL_L: -255.68 | Pred_L: 372.326
Step 65000 | R: -15.00 | RL_L: -123.14 | Pred_L: 371.677
Step 65000 | R: -15.00 | RL_L: -42.70 | Pred_L: 368.697
Step 65000 | R: -15.00 | RL_L: -109.37 | Pred_L: 369.805
Step 65000 | R: -15.00 | RL_L: -164.60 | Pred_L: 369.707
Step 65000 | R: -15.00 | RL_L: -97.47 | Pred_L: 370.792
Step 65000 | R: -15.00 | RL_L: -134.19 | Pred_L: 371.889
Step 65000 | R: -15.00 | RL_L: -73.24 | Pred_L: 374.156
Step 65000 | R: -15.00 | RL_L: -190.09 | Pred_L: 369.688
Step 65000 | R: -15.00 | RL_L: -193.09 | Pred_L: 372.367
Step 65000 | R: -15.00 | RL_L: -127.73 | Pred_L: 373.621
Step 65000 | R: -15.00 | RL_L: -221.79 | Pred_L: 371.921
Step 65000 | R: -15.00 | RL_L: -142.94 | Pred_L: 367.690
Step 65000 | R: -15.00 | RL_L: -333.70 | Pred_L: 369.719
Step 65000 | R: -15.00 | RL_L: -112.95 | Pred_L: 371.629
Step 65000 | R: -15.00 | RL_L: -95.71 | Pred_L: 373.952
Step 65000 | R: -15.00 | RL_L: -241.34 | Pred_L: 374.607
Step 65000 | R: -15.00 | RL_L: -148.55 | Pred_L: 369.739
Step 65000 | R: -15.00 | RL_L: -129.91 | Pred_L: 370.914
Step 65000 | R: -15.00 | RL_L: -98.12 | Pred_L: 374.072
Step 65000 | R: -15.00 | RL_L: -272.22 | Pred_L: 369.320
Step 65000 | R: -15.00 | RL_L: -3.12 | Pred_L: 369.269
Step 65000 | R: -15.00 | RL_L: -225.80 | Pred_L: 370.521
Step 65000 | R: -15.00 | RL_L: -348.18 | Pred_L: 373.830
Step 65000 | R: -15.00 | RL_L: -101.70 | Pred_L: 373.732
Step 65000 | R: -15.00 | RL_L: -213.68 | Pred_L: 369.038
Step 65000 | R: -15.00 | RL_L: -92.56 | Pred_L: 369.686
Step 65000 | R: -15.00 | RL_L: -181.82 | Pred_L: 370.456
Step 65000 | R: -15.00 | RL_L: -134.15 | Pred_L: 369.014
Step 65000 | R: -15.00 | RL_L: -134.43 | Pred_L: 373.222
Step 65000 | R: -15.00 | RL_L: -463.82 | Pred_L: 370.082

>>> EVALUATION AT STEP 65000
====================================================================================================
--- Step 0 ---
Leader (True): [ 0.000, -0.785,  0.000, -2.356,  0.000,  1.571,  0.785]
Leader (Pred): [-52.799, -53.167, 28.633, -22.976, -45.345, 45.958, -45.542]
Follower     : [ 0.003, -0.784, -0.002, -2.355, -0.002,  1.572,  0.783]
Action (Tau) : [30.000, 30.000, -30.000, 30.000, -10.000, 10.000, -10.000]
Error (T-F)  : [-0.003, -0.001,  0.002, -0.001,  0.002, -0.001,  0.002]
------------------------------------------------------------
--- Step 10 ---
Leader (True): [ 0.000, -0.785,  0.000, -2.356,  0.001,  1.571,  0.785]
Leader (Pred): [-52.888, -53.410, 28.632, -23.019, -45.484, 46.134, -45.600]
Follower     : [ 0.188, -0.724, -0.124, -2.269, -0.146,  1.618,  0.658]
Action (Tau) : [30.000, 30.000, -30.000, 30.000, -10.000, 10.000, -10.000]
Error (T-F)  : [-0.188, -0.061,  0.124, -0.087,  0.146, -0.048,  0.127]
------------------------------------------------------------
--- Step 20 ---
Leader (True): [ 0.007, -0.786,  0.003, -2.355,  0.030,  1.562,  0.785]
Leader (Pred): [-47.474, -45.033, 26.454, -20.992, -39.108, 39.106, -41.328]
Follower     : [ 0.704, -0.634, -0.476, -2.026, -0.496,  1.723,  0.344]
Action (Tau) : [30.000, 30.000, -30.000, 30.000, -10.000, 10.000, -10.000]
Error (T-F)  : [-0.698, -0.152,  0.478, -0.329,  0.526, -0.161,  0.442]
------------------------------------------------------------
>>> Avg Reward: -150.00

>>> EVALUATION AT STEP 70000
====================================================================================================
--- Step 0 ---
Leader (True): [ 0.000, -0.785,  0.000, -2.356,  0.000,  1.571,  0.785]
Leader (Pred): [-52.911, -53.479, 28.628, -23.027, -45.523, 46.185, -45.614]
Follower     : [ 0.003, -0.784, -0.002, -2.355, -0.002,  1.572,  0.783]
Action (Tau) : [30.000, 30.000, -30.000, 30.000, -10.000, 10.000, -10.000]
Error (T-F)  : [-0.003, -0.001,  0.002, -0.001,  0.002, -0.001,  0.002]
------------------------------------------------------------
--- Step 10 ---
Leader (True): [ 0.000, -0.785,  0.000, -2.356,  0.001,  1.571,  0.785]
Leader (Pred): [-52.813, -53.226, 28.624, -22.984, -45.374, 45.998, -45.549]
Follower     : [ 0.188, -0.724, -0.124, -2.269, -0.146,  1.618,  0.658]
Action (Tau) : [30.000, 30.000, -30.000, 30.000, -10.000, 10.000, -10.000]
Error (T-F)  : [-0.188, -0.061,  0.124, -0.087,  0.146, -0.048,  0.127]
------------------------------------------------------------
--- Step 20 ---
Leader (True): [ 0.007, -0.786,  0.003, -2.355,  0.030,  1.562,  0.785]
Leader (Pred): [-46.921, -44.108, 26.236, -20.768, -38.440, 38.338, -40.894]
Follower     : [ 0.704, -0.634, -0.476, -2.026, -0.496,  1.723,  0.344]
Action (Tau) : [30.000, 30.000, -30.000, 30.000, -10.000, 10.000, -10.000]
Error (T-F)  : [-0.698, -0.152,  0.478, -0.329,  0.526, -0.161,  0.442]
------------------------------------------------------------
>>> Avg Reward: -150.00
Step 73000 | R: -15.00 | RL_L: -50.98 | Pred_L: 373.802
Step 73000 | R: -15.00 | RL_L: -167.43 | Pred_L: 371.817
Step 73000 | R: -15.00 | RL_L: -145.63 | Pred_L: 371.574
Step 73000 | R: -15.00 | RL_L: -241.20 | Pred_L: 371.923
Step 73000 | R: -15.00 | RL_L: -31.35 | Pred_L: 368.063
Step 73000 | R: -15.00 | RL_L: -173.49 | Pred_L: 371.082
Step 73000 | R: -15.00 | RL_L: -185.94 | Pred_L: 367.901
Step 73000 | R: -15.00 | RL_L: -183.75 | Pred_L: 369.336
Step 73000 | R: -15.00 | RL_L: -246.73 | Pred_L: 375.787
Step 73000 | R: -15.00 | RL_L: -326.58 | Pred_L: 373.132
Step 73000 | R: -15.00 | RL_L: -50.79 | Pred_L: 368.620
Step 73000 | R: -15.00 | RL_L: -85.25 | Pred_L: 375.510
Step 73000 | R: -15.00 | RL_L: -103.60 | Pred_L: 368.489
Step 73000 | R: -15.00 | RL_L: -164.09 | Pred_L: 373.312
Step 73000 | R: -15.00 | RL_L: -191.24 | Pred_L: 374.740
Step 73000 | R: -15.00 | RL_L: -36.17 | Pred_L: 374.630
Step 73000 | R: -15.00 | RL_L: -251.36 | Pred_L: 373.169
Step 73000 | R: -15.00 | RL_L: -116.48 | Pred_L: 372.839
Step 73000 | R: -15.00 | RL_L: -226.04 | Pred_L: 367.720
Step 73000 | R: -15.00 | RL_L: -81.83 | Pred_L: 372.968
Step 73000 | R: -15.00 | RL_L: 14.64 | Pred_L: 369.739
Step 73000 | R: -15.00 | RL_L: -196.86 | Pred_L: 371.286
Step 73000 | R: -15.00 | RL_L: -231.45 | Pred_L: 369.394
Step 73000 | R: -15.00 | RL_L: -22.62 | Pred_L: 375.860
Step 73000 | R: -15.00 | RL_L: -346.12 | Pred_L: 375.998
Step 73000 | R: -15.00 | RL_L: -123.34 | Pred_L: 371.933
Step 73000 | R: -15.00 | RL_L: -111.00 | Pred_L: 373.078
Step 73000 | R: -15.00 | RL_L: -135.03 | Pred_L: 368.965
Step 73000 | R: -15.00 | RL_L: -19.51 | Pred_L: 371.916
Step 73000 | R: -15.00 | RL_L: -142.29 | Pred_L: 370.743
Step 73000 | R: -15.00 | RL_L: -50.82 | Pred_L: 372.762
Step 73000 | R: -15.00 | RL_L: -93.19 | Pred_L: 373.479

>>> EVALUATION AT STEP 75000
====================================================================================================
--- Step 0 ---
Leader (True): [ 0.000, -0.785,  0.000, -2.356,  0.000,  1.571,  0.785]
Leader (Pred): [-46.048, -42.563, 25.924, -20.414, -37.358, 37.075, -40.226]
Follower     : [ 0.003, -0.784, -0.002, -2.355, -0.002,  1.572,  0.783]
Action (Tau) : [30.000, 30.000, -30.000, 30.000, -10.000, 10.000, -10.000]
Error (T-F)  : [-0.003, -0.001,  0.002, -0.001,  0.002, -0.001,  0.002]
------------------------------------------------------------
--- Step 10 ---
Leader (True): [ 0.000, -0.785,  0.000, -2.356,  0.001,  1.571,  0.785]
Leader (Pred): [-52.913, -53.385, 28.669, -23.028, -45.491, 46.130, -45.631]
Follower     : [ 0.188, -0.724, -0.124, -2.269, -0.146,  1.618,  0.658]
Action (Tau) : [30.000, 30.000, -30.000, 30.000, -10.000, 10.000, -10.000]
Error (T-F)  : [-0.188, -0.061,  0.124, -0.087,  0.146, -0.048,  0.127]
------------------------------------------------------------
--- Step 20 ---
Leader (True): [ 0.007, -0.786,  0.003, -2.355,  0.030,  1.562,  0.785]
Leader (Pred): [-52.176, -52.161, 28.406, -22.751, -44.574, 45.107, -45.042]
Follower     : [ 0.704, -0.634, -0.476, -2.026, -0.496,  1.723,  0.344]
Action (Tau) : [30.000, 30.000, -30.000, 30.000, -10.000, 10.000, -10.000]
Error (T-F)  : [-0.698, -0.152,  0.478, -0.329,  0.526, -0.161,  0.441]
------------------------------------------------------------
>>> Avg Reward: -150.00

>>> EVALUATION AT STEP 80000
====================================================================================================
--- Step 0 ---
Leader (True): [ 0.000, -0.785,  0.000, -2.356,  0.000,  1.571,  0.785]
Leader (Pred): [-52.043, -51.972, 28.342, -22.701, -44.423, 44.943, -44.933]
Follower     : [ 0.003, -0.784, -0.002, -2.355, -0.002,  1.572,  0.783]
Action (Tau) : [30.000, 30.000, -30.000, 30.000, -10.000, 10.000, -10.000]
Error (T-F)  : [-0.003, -0.001,  0.002, -0.001,  0.002, -0.001,  0.002]
------------------------------------------------------------
--- Step 10 ---
Leader (True): [ 0.000, -0.785,  0.000, -2.356,  0.001,  1.571,  0.785]
Leader (Pred): [-52.814, -53.190, 28.640, -22.982, -45.363, 45.977, -45.555]
Follower     : [ 0.188, -0.724, -0.124, -2.269, -0.146,  1.618,  0.658]
Action (Tau) : [30.000, 30.000, -30.000, 30.000, -10.000, 10.000, -10.000]
Error (T-F)  : [-0.188, -0.061,  0.124, -0.087,  0.146, -0.048,  0.127]
------------------------------------------------------------
--- Step 20 ---
Leader (True): [ 0.007, -0.786,  0.003, -2.355,  0.030,  1.562,  0.785]
Leader (Pred): [-52.117, -52.070, 28.379, -22.729, -44.504, 45.030, -44.995]
Follower     : [ 0.704, -0.634, -0.476, -2.026, -0.496,  1.723,  0.344]
Action (Tau) : [30.000, 30.000, -30.000, 30.000, -10.000, 10.000, -10.000]
Error (T-F)  : [-0.698, -0.152,  0.478, -0.329,  0.526, -0.161,  0.441]
------------------------------------------------------------
>>> Avg Reward: -150.00
Step 81000 | R: -15.00 | RL_L: -147.42 | Pred_L: 370.733
Step 81000 | R: -15.00 | RL_L: -48.98 | Pred_L: 369.192
Step 81000 | R: -15.00 | RL_L: -128.61 | Pred_L: 371.767
Step 81000 | R: -15.00 | RL_L: -18.07 | Pred_L: 372.089
Step 81000 | R: -15.00 | RL_L: -108.42 | Pred_L: 370.737
Step 81000 | R: -15.00 | RL_L: -55.69 | Pred_L: 372.111
Step 81000 | R: -15.00 | RL_L: -201.27 | Pred_L: 373.089
Step 81000 | R: -15.00 | RL_L: -222.73 | Pred_L: 372.830
Step 81000 | R: -15.00 | RL_L: -229.34 | Pred_L: 372.916
Step 81000 | R: -15.00 | RL_L: -70.96 | Pred_L: 370.598
Step 81000 | R: -15.00 | RL_L: -7.05 | Pred_L: 370.560
Step 81000 | R: -15.00 | RL_L: -1.97 | Pred_L: 370.336
Step 81000 | R: -15.00 | RL_L: -109.31 | Pred_L: 369.378
Step 81000 | R: -15.00 | RL_L: 25.52 | Pred_L: 372.352
Step 81000 | R: -15.00 | RL_L: -56.12 | Pred_L: 372.226
Step 81000 | R: -15.00 | RL_L: -49.95 | Pred_L: 374.472
Step 81000 | R: -15.00 | RL_L: -256.41 | Pred_L: 373.756
Step 81000 | R: -15.00 | RL_L: -11.39 | Pred_L: 375.607
Step 81000 | R: -15.00 | RL_L: -4.97 | Pred_L: 372.985
Step 81000 | R: -15.00 | RL_L: -17.56 | Pred_L: 373.456
Step 81000 | R: -15.00 | RL_L: -59.41 | Pred_L: 369.640
Step 81000 | R: -15.00 | RL_L: -201.46 | Pred_L: 371.525
Step 81000 | R: -15.00 | RL_L: 28.47 | Pred_L: 369.912
Step 81000 | R: -15.00 | RL_L: -13.54 | Pred_L: 375.755
Step 81000 | R: -15.00 | RL_L: -261.88 | Pred_L: 369.121
Step 81000 | R: -15.00 | RL_L: -63.93 | Pred_L: 369.732
Step 81000 | R: -15.00 | RL_L: -220.29 | Pred_L: 375.266
Step 81000 | R: -15.00 | RL_L: -110.29 | Pred_L: 371.625
Step 81000 | R: -15.00 | RL_L: -163.17 | Pred_L: 372.541
Step 81000 | R: -15.00 | RL_L: -119.12 | Pred_L: 372.349
Step 81000 | R: -15.00 | RL_L: -164.25 | Pred_L: 378.138
Step 81000 | R: -15.00 | RL_L: -74.38 | Pred_L: 373.901

>>> EVALUATION AT STEP 85000
====================================================================================================
--- Step 0 ---
Leader (True): [ 0.000, -0.785,  0.000, -2.356,  0.000,  1.571,  0.785]
Leader (Pred): [-52.810, -53.226, 28.621, -22.982, -45.373, 45.997, -45.545]
Follower     : [ 0.003, -0.784, -0.002, -2.355, -0.002,  1.572,  0.783]
Action (Tau) : [30.000, 30.000, -30.000, 30.000, -10.000, 10.000, -10.000]
Error (T-F)  : [-0.003, -0.001,  0.002, -0.001,  0.002, -0.001,  0.002]
------------------------------------------------------------
--- Step 10 ---
Leader (True): [ 0.000, -0.785,  0.000, -2.356,  0.001,  1.571,  0.785]
Leader (Pred): [-42.417, -37.095, 24.448, -19.100, -33.220, 32.279, -37.444]
Follower     : [ 0.188, -0.724, -0.124, -2.269, -0.146,  1.618,  0.658]
Action (Tau) : [30.000, 30.000, -30.000, 30.000, -10.000, 10.000, -10.000]
Error (T-F)  : [-0.188, -0.061,  0.124, -0.087,  0.146, -0.048,  0.127]
------------------------------------------------------------
--- Step 20 ---
Leader (True): [ 0.007, -0.786,  0.003, -2.355,  0.030,  1.562,  0.785]
Leader (Pred): [-52.145, -52.099, 28.400, -22.742, -44.531, 45.058, -45.021]
Follower     : [ 0.704, -0.634, -0.476, -2.026, -0.496,  1.723,  0.344]
Action (Tau) : [30.000, 30.000, -30.000, 30.000, -10.000, 10.000, -10.000]
Error (T-F)  : [-0.698, -0.152,  0.478, -0.329,  0.526, -0.161,  0.441]
------------------------------------------------------------
>>> Avg Reward: -150.00
