2026-01-27 12:17:47,675 [INFO] Actor parameters: 314,908
2026-01-27 12:17:47,675 [INFO] Critic parameters: 634,370
2026-01-27 12:17:47,676 [INFO] Action dim: 14 (Kp[7] + Kd[7])
2026-01-27 12:17:47,676 [INFO] Buffer: obs_dim=215, action_dim=14
2026-01-27 12:17:47,754 [INFO] Warmup: 20000 steps...
2026-01-27 12:21:22,002 [INFO] Starting PD Gain Tuning SAC training...
2026-01-27 12:25:23,145 [INFO] Step 30,000: Eval=10632.01 (best=-inf), PosErr=0.1757, Kp=155.4, Kd=25.4
2026-01-27 12:25:23,294 [INFO] New best!
2026-01-27 12:29:20,425 [INFO] Step 40,000: Eval=10790.53 (best=10632.01), PosErr=0.1742, Kp=152.8, Kd=25.3
2026-01-27 12:29:20,572 [INFO] New best!
2026-01-27 12:32:58,159 [INFO] Step 50,000: Eval=10659.66 (best=10790.53), PosErr=0.1788, Kp=158.7, Kd=25.3
2026-01-27 12:37:19,597 [INFO] Step 60,000: Eval=11197.38 (best=10790.53), PosErr=0.1622, Kp=156.5, Kd=26.2
2026-01-27 12:37:19,729 [INFO] New best!
2026-01-27 12:41:09,448 [INFO] Step 70,000: Eval=10970.85 (best=11197.38), PosErr=0.1695, Kp=154.5, Kd=24.0
2026-01-27 12:45:13,773 [INFO] Step 80,000: Eval=11566.63 (best=11197.38), PosErr=0.1553, Kp=166.0, Kd=23.5
2026-01-27 12:45:13,921 [INFO] New best!
2026-01-27 12:48:52,171 [INFO] Step 90,000: Eval=11933.23 (best=11566.63), PosErr=0.1481, Kp=160.4, Kd=24.9
2026-01-27 12:48:52,319 [INFO] New best!
2026-01-27 12:53:05,937 [INFO] Step 100,000: Eval=11809.13 (best=11933.23), PosErr=0.1520, Kp=173.5, Kd=23.2
2026-01-27 12:56:49,102 [INFO] Step 110,000: Eval=12139.70 (best=11933.23), PosErr=0.1423, Kp=186.8, Kd=23.6
2026-01-27 12:56:49,252 [INFO] New best!
2026-01-27 13:01:09,989 [INFO] Step 120,000: Eval=12346.53 (best=12139.70), PosErr=0.1376, Kp=174.4, Kd=25.5
2026-01-27 13:01:10,139 [INFO] New best!
2026-01-27 13:04:52,957 [INFO] Step 130,000: Eval=12077.29 (best=12346.53), PosErr=0.1451, Kp=174.1, Kd=24.9
2026-01-27 13:09:18,583 [INFO] Step 140,000: Eval=12452.15 (best=12346.53), PosErr=0.1373, Kp=177.2, Kd=23.8
2026-01-27 13:09:18,720 [INFO] New best!
2026-01-27 13:13:13,352 [INFO] Step 150,000: Eval=12520.97 (best=12452.15), PosErr=0.1352, Kp=182.6, Kd=25.8
2026-01-27 13:13:13,498 [INFO] New best!
2026-01-27 13:17:38,339 [INFO] Step 160,000: Eval=12245.56 (best=12520.97), PosErr=0.1408, Kp=184.0, Kd=22.7
2026-01-27 13:21:13,984 [INFO] Step 170,000: Eval=12849.53 (best=12520.97), PosErr=0.1298, Kp=187.4, Kd=24.4
2026-01-27 13:21:14,137 [INFO] New best!
2026-01-27 13:25:20,654 [INFO] Step 180,000: Eval=12806.72 (best=12849.53), PosErr=0.1315, Kp=171.3, Kd=24.8
2026-01-27 13:29:22,436 [INFO] Step 190,000: Eval=12759.38 (best=12849.53), PosErr=0.1317, Kp=178.5, Kd=24.0
2026-01-27 13:33:41,827 [INFO] Step 200,000: Eval=12973.20 (best=12849.53), PosErr=0.1282, Kp=179.7, Kd=24.7
2026-01-27 13:33:41,978 [INFO] New best!
2026-01-27 13:37:18,085 [INFO] Step 210,000: Eval=12898.02 (best=12973.20), PosErr=0.1272, Kp=183.0, Kd=24.4
2026-01-27 13:41:10,813 [INFO] Step 220,000: Eval=12739.58 (best=12973.20), PosErr=0.1309, Kp=174.0, Kd=24.9
2026-01-27 13:45:21,212 [INFO] Step 230,000: Eval=12686.17 (best=12973.20), PosErr=0.1334, Kp=168.4, Kd=24.8
2026-01-27 13:49:43,609 [INFO] Step 240,000: Eval=12943.27 (best=12973.20), PosErr=0.1293, Kp=173.5, Kd=24.6
2026-01-27 13:53:36,231 [INFO] Step 250,000: Eval=12857.00 (best=12973.20), PosErr=0.1297, Kp=186.4, Kd=25.1
2026-01-27 13:57:23,360 [INFO] Step 260,000: Eval=13294.27 (best=12973.20), PosErr=0.1224, Kp=177.6, Kd=25.6
2026-01-27 13:57:23,512 [INFO] New best!
2026-01-27 14:01:42,553 [INFO] Step 270,000: Eval=13053.15 (best=13294.27), PosErr=0.1274, Kp=180.4, Kd=24.2
2026-01-27 14:05:55,641 [INFO] Step 280,000: Eval=13073.27 (best=13294.27), PosErr=0.1257, Kp=168.9, Kd=25.1
2026-01-27 14:09:57,708 [INFO] Step 290,000: Eval=13390.15 (best=13294.27), PosErr=0.1218, Kp=181.6, Kd=23.4
2026-01-27 14:09:57,854 [INFO] New best!
2026-01-27 14:13:37,205 [INFO] Step 300,000: Eval=13301.49 (best=13390.15), PosErr=0.1231, Kp=172.1, Kd=25.4
2026-01-27 14:18:00,586 [INFO] Step 310,000: Eval=13322.79 (best=13390.15), PosErr=0.1225, Kp=178.8, Kd=24.9
2026-01-27 14:21:57,820 [INFO] Step 320,000: Eval=13325.02 (best=13390.15), PosErr=0.1239, Kp=178.6, Kd=24.3
2026-01-27 14:26:04,275 [INFO] Step 330,000: Eval=13224.58 (best=13390.15), PosErr=0.1261, Kp=182.3, Kd=23.2
2026-01-27 14:29:43,965 [INFO] Step 340,000: Eval=13234.49 (best=13390.15), PosErr=0.1240, Kp=186.4, Kd=24.3
2026-01-27 14:34:05,352 [INFO] Step 350,000: Eval=13437.79 (best=13390.15), PosErr=0.1210, Kp=182.0, Kd=25.2
2026-01-27 14:34:05,503 [INFO] New best!
2026-01-27 14:37:55,124 [INFO] Step 360,000: Eval=13458.48 (best=13437.79), PosErr=0.1208, Kp=184.7, Kd=23.4
2026-01-27 14:37:55,265 [INFO] New best!
2026-01-27 14:42:05,678 [INFO] Step 370,000: Eval=13608.37 (best=13458.48), PosErr=0.1172, Kp=183.0, Kd=24.1
2026-01-27 14:42:05,811 [INFO] New best!
2026-01-27 14:45:38,437 [INFO] Step 380,000: Eval=13624.75 (best=13608.37), PosErr=0.1167, Kp=189.3, Kd=25.1
2026-01-27 14:45:38,567 [INFO] New best!
2026-01-27 14:49:47,876 [INFO] Step 390,000: Eval=13377.53 (best=13624.75), PosErr=0.1211, Kp=174.4, Kd=24.7
2026-01-27 14:53:34,398 [INFO] Step 400,000: Eval=13620.29 (best=13624.75), PosErr=0.1178, Kp=184.9, Kd=24.7
2026-01-27 14:57:57,702 [INFO] Step 410,000: Eval=13691.02 (best=13624.75), PosErr=0.1158, Kp=188.6, Kd=24.2
2026-01-27 14:57:57,871 [INFO] New best!
2026-01-27 15:01:42,031 [INFO] Step 420,000: Eval=13594.84 (best=13691.02), PosErr=0.1162, Kp=184.5, Kd=25.0
2026-01-27 15:05:44,530 [INFO] Step 430,000: Eval=13507.12 (best=13691.02), PosErr=0.1185, Kp=180.1, Kd=23.5
2026-01-27 15:09:44,956 [INFO] Step 440,000: Eval=13643.30 (best=13691.02), PosErr=0.1157, Kp=176.4, Kd=25.0
2026-01-27 15:14:11,921 [INFO] Step 450,000: Eval=13433.87 (best=13691.02), PosErr=0.1188, Kp=169.0, Kd=25.4
2026-01-27 15:17:47,621 [INFO] Step 460,000: Eval=13481.56 (best=13691.02), PosErr=0.1195, Kp=178.6, Kd=24.1
2026-01-27 15:21:42,677 [INFO] Step 470,000: Eval=13540.30 (best=13691.02), PosErr=0.1183, Kp=178.6, Kd=24.0
2026-01-27 15:25:56,243 [INFO] Step 480,000: Eval=13584.65 (best=13691.02), PosErr=0.1171, Kp=182.2, Kd=26.8
2026-01-27 15:30:19,477 [INFO] Step 490,000: Eval=13467.64 (best=13691.02), PosErr=0.1218, Kp=162.6, Kd=25.5
2026-01-27 15:34:03,774 [INFO] Step 500,000: Eval=13661.90 (best=13691.02), PosErr=0.1169, Kp=182.1, Kd=24.5
2026-01-27 15:37:51,438 [INFO] Step 510,000: Eval=13481.67 (best=13691.02), PosErr=0.1190, Kp=180.5, Kd=23.1
2026-01-27 15:42:12,247 [INFO] Step 520,000: Eval=13559.28 (best=13691.02), PosErr=0.1176, Kp=184.7, Kd=25.5
2026-01-27 15:46:18,963 [INFO] Step 530,000: Eval=13547.38 (best=13691.02), PosErr=0.1189, Kp=185.5, Kd=25.0
2026-01-27 15:50:15,916 [INFO] Step 540,000: Eval=13743.45 (best=13691.02), PosErr=0.1152, Kp=178.6, Kd=24.8
2026-01-27 15:50:16,066 [INFO] New best!
2026-01-27 15:53:55,801 [INFO] Step 550,000: Eval=13481.42 (best=13743.45), PosErr=0.1185, Kp=182.4, Kd=25.2
2026-01-27 15:58:08,601 [INFO] Step 560,000: Eval=13399.59 (best=13743.45), PosErr=0.1207, Kp=186.8, Kd=25.1
2026-01-27 16:02:03,124 [INFO] Step 570,000: Eval=13448.89 (best=13743.45), PosErr=0.1196, Kp=189.4, Kd=25.8
2026-01-27 16:06:02,079 [INFO] Step 580,000: Eval=13532.95 (best=13743.45), PosErr=0.1179, Kp=179.0, Kd=25.7
2026-01-27 16:09:38,090 [INFO] Step 590,000: Eval=13519.01 (best=13743.45), PosErr=0.1184, Kp=170.9, Kd=24.6
2026-01-27 16:13:52,663 [INFO] Step 600,000: Eval=13198.59 (best=13743.45), PosErr=0.1240, Kp=176.3, Kd=22.1
2026-01-27 16:17:38,779 [INFO] Step 610,000: Eval=13261.09 (best=13743.45), PosErr=0.1228, Kp=184.4, Kd=23.9
2026-01-27 16:21:45,892 [INFO] Step 620,000: Eval=13308.48 (best=13743.45), PosErr=0.1217, Kp=181.3, Kd=24.3
2026-01-27 16:25:20,282 [INFO] Step 630,000: Eval=13712.21 (best=13743.45), PosErr=0.1153, Kp=178.1, Kd=24.9
2026-01-27 16:29:33,671 [INFO] Step 640,000: Eval=13713.65 (best=13743.45), PosErr=0.1170, Kp=183.7, Kd=23.4
2026-01-27 16:33:18,410 [INFO] Step 650,000: Eval=13530.25 (best=13743.45), PosErr=0.1186, Kp=188.6, Kd=23.6
2026-01-27 16:37:36,424 [INFO] Step 660,000: Eval=13661.51 (best=13743.45), PosErr=0.1182, Kp=177.5, Kd=22.4
2026-01-27 16:41:07,340 [INFO] Step 670,000: Eval=13406.84 (best=13743.45), PosErr=0.1204, Kp=177.7, Kd=24.5
2026-01-27 16:45:11,818 [INFO] Step 680,000: Eval=13562.58 (best=13743.45), PosErr=0.1182, Kp=175.5, Kd=24.2
2026-01-27 16:49:04,235 [INFO] Step 690,000: Eval=13390.72 (best=13743.45), PosErr=0.1218, Kp=177.1, Kd=24.6
2026-01-27 16:53:17,868 [INFO] Step 700,000: Eval=13396.47 (best=13743.45), PosErr=0.1206, Kp=184.7, Kd=24.2
2026-01-27 16:56:50,279 [INFO] Step 710,000: Eval=13404.83 (best=13743.45), PosErr=0.1198, Kp=175.7, Kd=24.3
2026-01-27 17:00:45,137 [INFO] Step 720,000: Eval=13454.95 (best=13743.45), PosErr=0.1187, Kp=180.7, Kd=25.1
2026-01-27 17:04:47,216 [INFO] Step 730,000: Eval=13586.09 (best=13743.45), PosErr=0.1162, Kp=193.4, Kd=22.9
2026-01-27 17:09:01,408 [INFO] Step 740,000: Eval=13280.23 (best=13743.45), PosErr=0.1215, Kp=179.3, Kd=24.2
2026-01-27 17:09:01,408 [INFO] Early stopping!
