2026-01-28 10:30:00,271 [INFO] Actor parameters: 314,908
2026-01-28 10:30:00,271 [INFO] Critic parameters: 634,370
2026-01-28 10:30:00,272 [INFO] Action dim: 14 (Kp[7] + Kd[7])
2026-01-28 10:30:00,272 [INFO] Buffer: obs_dim=215, action_dim=14
2026-01-28 10:30:00,344 [INFO] Warmup: 20000 steps...
2026-01-28 10:30:34,059 [INFO] Starting PD Gain Tuning SAC training...
2026-01-28 10:36:43,544 [INFO] Step 30,000: Eval=9592.86 (best=-inf), PosErr=0.2061, Kp=154.2, Kd=25.1
2026-01-28 10:36:43,881 [INFO] New best!
2026-01-28 10:42:20,511 [INFO] Step 40,000: Eval=9014.29 (best=9592.86), PosErr=0.2167, Kp=149.5, Kd=25.4
2026-01-28 10:47:45,327 [INFO] Step 50,000: Eval=8919.10 (best=9592.86), PosErr=0.2276, Kp=141.1, Kd=24.4
2026-01-28 10:52:52,882 [INFO] Step 60,000: Eval=10167.62 (best=9592.86), PosErr=0.1897, Kp=153.0, Kd=25.0
2026-01-28 10:52:53,048 [INFO] New best!
2026-01-28 10:58:19,027 [INFO] Step 70,000: Eval=10129.38 (best=10167.62), PosErr=0.1884, Kp=163.2, Kd=25.7
2026-01-28 11:03:36,841 [INFO] Step 80,000: Eval=9801.91 (best=10167.62), PosErr=0.1992, Kp=159.1, Kd=25.6
2026-01-28 11:09:05,824 [INFO] Step 90,000: Eval=10003.65 (best=10167.62), PosErr=0.1921, Kp=162.0, Kd=24.6
2026-01-28 11:14:23,781 [INFO] Step 100,000: Eval=10339.08 (best=10167.62), PosErr=0.1840, Kp=167.5, Kd=25.6
2026-01-28 11:14:24,075 [INFO] New best!
2026-01-28 11:18:30,923 [INFO] Step 110,000: Eval=10227.01 (best=10339.08), PosErr=0.1889, Kp=178.5, Kd=23.0
2026-01-28 11:23:58,422 [INFO] Step 120,000: Eval=10147.61 (best=10339.08), PosErr=0.1888, Kp=166.8, Kd=23.6
2026-01-28 11:29:25,550 [INFO] Step 130,000: Eval=10376.46 (best=10339.08), PosErr=0.1853, Kp=175.5, Kd=23.5
2026-01-28 11:29:25,719 [INFO] New best!
2026-01-28 11:34:43,085 [INFO] Step 140,000: Eval=10230.32 (best=10376.46), PosErr=0.1883, Kp=160.6, Kd=23.5
2026-01-28 11:38:40,607 [INFO] Step 150,000: Eval=10317.01 (best=10376.46), PosErr=0.1908, Kp=164.4, Kd=25.2
2026-01-28 11:44:08,920 [INFO] Step 160,000: Eval=10492.32 (best=10376.46), PosErr=0.1819, Kp=178.6, Kd=23.7
2026-01-28 11:44:09,140 [INFO] New best!
2026-01-28 11:49:23,447 [INFO] Step 170,000: Eval=10467.34 (best=10492.32), PosErr=0.1829, Kp=171.1, Kd=23.9
2026-01-28 11:55:00,512 [INFO] Step 180,000: Eval=10590.59 (best=10492.32), PosErr=0.1809, Kp=176.1, Kd=24.2
2026-01-28 11:55:00,683 [INFO] New best!
2026-01-28 12:00:18,861 [INFO] Step 190,000: Eval=10646.79 (best=10590.59), PosErr=0.1792, Kp=187.2, Kd=25.2
2026-01-28 12:00:19,266 [INFO] New best!
2026-01-28 12:04:23,253 [INFO] Step 200,000: Eval=10552.27 (best=10646.79), PosErr=0.1785, Kp=176.4, Kd=25.7
2026-01-28 12:09:52,385 [INFO] Step 210,000: Eval=10940.99 (best=10646.79), PosErr=0.1729, Kp=183.8, Kd=26.3
2026-01-28 12:09:52,585 [INFO] New best!
2026-01-28 12:15:27,587 [INFO] Step 220,000: Eval=10524.13 (best=10940.99), PosErr=0.1819, Kp=177.4, Kd=24.5
2026-01-28 12:20:46,884 [INFO] Step 230,000: Eval=10629.70 (best=10940.99), PosErr=0.1783, Kp=164.6, Kd=24.7
2026-01-28 12:25:54,440 [INFO] Step 240,000: Eval=10696.12 (best=10940.99), PosErr=0.1789, Kp=184.8, Kd=22.0
2026-01-28 12:30:00,657 [INFO] Step 250,000: Eval=10920.98 (best=10940.99), PosErr=0.1740, Kp=189.1, Kd=22.4
2026-01-28 12:35:09,101 [INFO] Step 260,000: Eval=10717.70 (best=10940.99), PosErr=0.1788, Kp=185.0, Kd=22.2
2026-01-28 12:40:30,998 [INFO] Step 270,000: Eval=10688.86 (best=10940.99), PosErr=0.1801, Kp=180.4, Kd=22.3
2026-01-28 12:45:30,331 [INFO] Step 280,000: Eval=11060.55 (best=10940.99), PosErr=0.1700, Kp=190.0, Kd=21.9
2026-01-28 12:45:30,643 [INFO] New best!
2026-01-28 12:49:41,645 [INFO] Step 290,000: Eval=10976.09 (best=11060.55), PosErr=0.1724, Kp=185.1, Kd=22.2
2026-01-28 12:55:11,460 [INFO] Step 300,000: Eval=10423.33 (best=11060.55), PosErr=0.1858, Kp=191.2, Kd=23.1
2026-01-28 13:00:43,064 [INFO] Step 310,000: Eval=10492.14 (best=11060.55), PosErr=0.1830, Kp=175.7, Kd=22.1
2026-01-28 13:05:50,742 [INFO] Step 320,000: Eval=10474.44 (best=11060.55), PosErr=0.1834, Kp=178.0, Kd=24.0
2026-01-28 13:10:04,551 [INFO] Step 330,000: Eval=10156.03 (best=11060.55), PosErr=0.1893, Kp=169.5, Kd=25.1
2026-01-28 13:15:15,040 [INFO] Step 340,000: Eval=10705.19 (best=11060.55), PosErr=0.1760, Kp=184.0, Kd=22.2
2026-01-28 13:20:35,770 [INFO] Step 350,000: Eval=10527.44 (best=11060.55), PosErr=0.1816, Kp=176.2, Kd=20.6
2026-01-28 13:26:10,470 [INFO] Step 360,000: Eval=10424.54 (best=11060.55), PosErr=0.1839, Kp=173.4, Kd=23.8
2026-01-28 13:30:58,301 [INFO] Step 370,000: Eval=10460.80 (best=11060.55), PosErr=0.1835, Kp=165.5, Kd=22.9
2026-01-28 13:35:24,614 [INFO] Step 380,000: Eval=10462.02 (best=11060.55), PosErr=0.1876, Kp=180.6, Kd=23.9
2026-01-28 13:40:46,370 [INFO] Step 390,000: Eval=10716.33 (best=11060.55), PosErr=0.1758, Kp=180.7, Kd=22.1
2026-01-28 13:46:26,932 [INFO] Step 400,000: Eval=10357.49 (best=11060.55), PosErr=0.1848, Kp=183.9, Kd=22.5
2026-01-28 13:51:58,537 [INFO] Step 410,000: Eval=10889.26 (best=11060.55), PosErr=0.1742, Kp=183.1, Kd=22.4
2026-01-28 13:57:23,271 [INFO] Step 420,000: Eval=10280.49 (best=11060.55), PosErr=0.1844, Kp=166.3, Kd=21.9
2026-01-28 14:01:39,309 [INFO] Step 430,000: Eval=10927.34 (best=11060.55), PosErr=0.1742, Kp=181.6, Kd=23.3
2026-01-28 14:06:33,505 [INFO] Step 440,000: Eval=10874.60 (best=11060.55), PosErr=0.1759, Kp=186.5, Kd=23.3
2026-01-28 14:12:03,241 [INFO] Step 450,000: Eval=11053.64 (best=11060.55), PosErr=0.1711, Kp=183.9, Kd=20.5
2026-01-28 14:17:21,770 [INFO] Step 460,000: Eval=11082.96 (best=11060.55), PosErr=0.1700, Kp=182.9, Kd=24.1
2026-01-28 14:17:21,976 [INFO] New best!
2026-01-28 14:21:59,280 [INFO] Step 470,000: Eval=10766.31 (best=11082.96), PosErr=0.1756, Kp=180.7, Kd=22.1
2026-01-28 14:26:16,413 [INFO] Step 480,000: Eval=10670.48 (best=11082.96), PosErr=0.1780, Kp=170.6, Kd=22.7
2026-01-28 14:31:52,824 [INFO] Step 490,000: Eval=10810.42 (best=11082.96), PosErr=0.1734, Kp=180.4, Kd=19.8
2026-01-28 14:37:20,165 [INFO] Step 500,000: Eval=10842.17 (best=11082.96), PosErr=0.1742, Kp=189.3, Kd=23.6
2026-01-28 14:41:46,216 [INFO] Step 510,000: Eval=10769.19 (best=11082.96), PosErr=0.1766, Kp=196.6, Kd=22.6
2026-01-28 14:46:59,178 [INFO] Step 520,000: Eval=11017.98 (best=11082.96), PosErr=0.1708, Kp=185.7, Kd=22.0
2026-01-28 14:52:07,284 [INFO] Step 530,000: Eval=10535.24 (best=11082.96), PosErr=0.1795, Kp=186.4, Kd=21.9
2026-01-28 14:57:41,812 [INFO] Step 540,000: Eval=10196.65 (best=11082.96), PosErr=0.1833, Kp=188.3, Kd=24.4
2026-01-28 15:03:06,016 [INFO] Step 550,000: Eval=10563.81 (best=11082.96), PosErr=0.1781, Kp=177.1, Kd=21.7
2026-01-28 15:08:36,142 [INFO] Step 560,000: Eval=10654.67 (best=11082.96), PosErr=0.1759, Kp=180.0, Kd=23.3
2026-01-28 15:13:12,352 [INFO] Step 570,000: Eval=10658.03 (best=11082.96), PosErr=0.1766, Kp=180.8, Kd=23.3
2026-01-28 15:18:04,470 [INFO] Step 580,000: Eval=10199.62 (best=11082.96), PosErr=0.1819, Kp=188.6, Kd=22.9
2026-01-28 15:23:45,236 [INFO] Step 590,000: Eval=10749.34 (best=11082.96), PosErr=0.1750, Kp=187.0, Kd=20.3
2026-01-28 15:29:02,526 [INFO] Step 600,000: Eval=10621.41 (best=11082.96), PosErr=0.1768, Kp=171.1, Kd=21.4
2026-01-28 15:34:20,793 [INFO] Step 610,000: Eval=10395.50 (best=11082.96), PosErr=0.1806, Kp=173.3, Kd=23.6
2026-01-28 15:38:54,003 [INFO] Step 620,000: Eval=10780.19 (best=11082.96), PosErr=0.1720, Kp=176.3, Kd=22.1
2026-01-28 15:43:59,701 [INFO] Step 630,000: Eval=10362.44 (best=11082.96), PosErr=0.1821, Kp=173.5, Kd=22.5
2026-01-28 15:49:24,776 [INFO] Step 640,000: Eval=10470.47 (best=11082.96), PosErr=0.1807, Kp=184.8, Kd=21.1
2026-01-28 15:54:58,827 [INFO] Step 650,000: Eval=10476.71 (best=11082.96), PosErr=0.1806, Kp=192.5, Kd=20.3
2026-01-28 15:59:28,183 [INFO] Step 660,000: Eval=10545.03 (best=11082.96), PosErr=0.1750, Kp=173.0, Kd=20.5
2026-01-28 15:59:28,183 [INFO] Early stopping!
